I'm sorry, but errors were detected in your script. Please correct the
errors listed below, and try again.


File "game/Functions.rpy", line 47: invalid syntax
    def Submod_Folder_Test(folder_dir)

File "game/Persistents.rpy", line 13: expected '=' not found.
    default if persistent.it_works = None
               ^

Ren'Py Version: Ren'Py 8.3.4.24120703
Sun Dec 29 19:44:30 2024
